// Vitest Snapshot v1

exports[`applyProps > should accept scalar shorthand 1`] = `
[
  3,
  3,
  3,
]
`;

exports[`applyProps > should accept shorthand uniforms 1`] = `
{
  "bar": {
    "value": 1,
  },
  "foo": {
    "value": 0,
  },
}
`;

exports[`applyProps > should convert CSS color names to color uniforms 1`] = `
{
  "color": {
    "value": Color [
      1,
      0,
      0,
    ],
  },
}
`;

exports[`applyProps > should convert arrays into vector uniforms 1`] = `
{
  "uv": {
    "value": Vec2 [
      0,
      1,
    ],
  },
}
`;

exports[`applyProps > should diff & merge uniforms 1`] = `
{
  "a": {
    "value": 0,
  },
  "b": {
    "value": 1,
  },
  "c": {
    "value": 2,
  },
}
`;

exports[`applyProps > should pierce into nested properties 1`] = `
{
  "color": "red",
}
`;

exports[`applyProps > should spread array prop values 1`] = `
[
  1,
  2,
  3,
]
`;
